﻿
> vite_react_shadcn_ts@0.0.0 build
> vite build

[36mvite v5.4.19 [32mbuilding for production...[36m[39m
transforming...
node.exe : Browserslist: browsers 
data (caniuse-lite) is 10 months 
old. Please run:
At line:1 char:1
+ & "C:\Program 
Files\nodejs/node.exe" "C:\Program 
Files\nodejs/node_mo ...
+ ~~~~~~~~~~~~~~~~~~~~~~~~~~~~~~~~~
~~~~~~~~~~~~~~~~~~~~~~~~~~~~~~~~~~~
~
    + CategoryInfo          : NotS 
   pecified: (Browserslist: b...l  
  d. Please run::String) [], Rem   
 oteException
    + FullyQualifiedErrorId : Nati 
   veCommandError
 
  npx update-browserslist-db@latest
  Why you should do it regularly: h
ttps://github.com/browserslist/upda
te-db#readme
[32mΓ£ô[39m 127 modules transformed.
[31mx[39m Build failed in 1.66s
[31merror during build:
[31m[vite:build-import-analysis] 
[plugin 
vite:build-import-analysis] 
src/assets/hero section 
photos/SSP_9486.JPG: Failed to 
parse source for import analysis 
because the content contains 
invalid JS syntax. You may need to 
install appropriate plugins to 
handle the .JPG file format, or if 
it's an asset, add "**/*.JPG" to 
`assetsInclude` in your 
configuration.[31m
file: [36mC:/Users/karsa/Downloads
/dentcity-main/dentcity-main/src/as
sets/hero section 
photos/SSP_9486.JPG[31m
    at getRollupError (file:///C:/U
sers/karsa/Downloads/dentcity-main/
dentcity-main/node_modules/rollup/d
ist/es/shared/parseAst.js:395:41)
    at error (file:///C:/Users/kars
a/Downloads/dentcity-main/dentcity-
main/node_modules/rollup/dist/es/sh
ared/parseAst.js:391:42)
    at Object.error (file:///C:/Use
rs/karsa/Downloads/dentcity-main/de
ntcity-main/node_modules/rollup/dis
t/es/shared/node-entry.js:20545:20)
    at Object.error (file:///C:/Use
rs/karsa/Downloads/dentcity-main/de
ntcity-main/node_modules/rollup/dis
t/es/shared/node-entry.js:19604:42)
    at Object.transform (file:///C:
/Users/karsa/Downloads/dentcity-mai
n/dentcity-main/node_modules/vite/d
ist/node/chunks/dep-C6uTJdX2.js:648
97:14)[39m
